MPLINK 4.16, Linker
Linker Map File - Created Mon Nov 12 12:17:57 2012

                                 Section Info
                  Section       Type    Address   Location Size(Bytes)
                ---------  ---------  ---------  ---------  ---------
               _entry_scn       code   0x000000    program   0x000006
           .code___init.o       code   0x000006    program   0x000002
                 high_isr       code   0x000008    program   0x000006
         .romdata_utils.o    romdata   0x00000e    program   0x000000
         .idata_utils.o_i    romdata   0x00000e    program   0x000000
       .romdata_adcopen.o    romdata   0x00000e    program   0x000000
        .romdata_serial.o    romdata   0x00000e    program   0x000000
        .idata_serial.o_i    romdata   0x00000e    program   0x000000
      .romdata_fxd1616u.o    romdata   0x00000e    program   0x000000
        .romdata_sensor.o    romdata   0x00000e    program   0x000000
        .idata_sensor.o_i    romdata   0x00000e    program   0x000000
             .stringtable    romdata   0x00000e    program   0x000000
          .romdata_prog.o    romdata   0x00000e    program   0x000000
          .idata_prog.o_i    romdata   0x00000e    program   0x000000
      .romdata_fxd0808u.o    romdata   0x00000e    program   0x000000
        .romdata___init.o    romdata   0x00000e    program   0x000000
           .romdata_irq.o    romdata   0x00000e    program   0x000000
           .idata_irq.o_i    romdata   0x00000e    program   0x000004
          .romdata_main.o    romdata   0x00000e    program   0x000000
           .romdata_adc.o    romdata   0x00000e    program   0x000000
         .romdata_c018i.o    romdata   0x00000e    program   0x000000
      .romdata_fxd3232u.o    romdata   0x00000e    program   0x000000
      .idata_fxd3232u.o_i    romdata   0x000012    program   0x000000
      .idata_fxd1616u.o_i    romdata   0x000012    program   0x000000
      .idata_fxd0808u.o_i    romdata   0x000012    program   0x000000
           .idata_adc.o_i    romdata   0x000012    program   0x000000
       .idata_adcopen.o_i    romdata   0x000012    program   0x000000
        .idata___init.o_i    romdata   0x000012    program   0x000000
           .code_sensor.o       code   0x000012    program   0x000000
             .code_prog.o       code   0x000012    program   0x000000
            .code_c018i.o       code   0x000012    program   0x000000
         .idata_c018i.o_i    romdata   0x000012    program   0x000000
                  low_isr       code   0x000018    program   0x000006
                   .cinit    romdata   0x00001e    program   0x00001a
             .code_main.o       code   0x000038    program   0x000a90
           .code_serial.o       code   0x000ac8    program   0x0005ec
                     PROG       code   0x0010b4    program   0x0005b6
              .code_irq.o       code   0x00166a    program   0x000346
               _cinit_scn       code   0x0019b0    program   0x00009e
            .code_utils.o       code   0x001a4e    program   0x00006a
          .code_adcopen.o       code   0x001ab8    program   0x000068
              .code_adc.o       code   0x001b20    program   0x00004c
         .code_fxd3232u.o       code   0x001b6c    program   0x000048
         .code_fxd1616u.o       code   0x001bb4    program   0x00002c
             _startup_scn       code   0x001be0    program   0x00001c
         .code_fxd0808u.o       code   0x001bfc    program   0x00001c
                    .code       code   0x001c18    program   0x00000e
          .idata_main.o_i    romdata   0x001c26    program   0x000045
    .config_300001_main.o    romdata   0x300001    program   0x000001
    .config_300002_main.o    romdata   0x300002    program   0x000001
    .config_300003_main.o    romdata   0x300003    program   0x000001
    .config_300005_main.o    romdata   0x300005    program   0x000001
    .config_300006_main.o    romdata   0x300006    program   0x000001
    .config_30000b_main.o    romdata   0x30000b    program   0x000001
                MATH_DATA      udata   0x000000       data   0x000014
                 .tmpdata      udata   0x000014       data   0x000014
      low_isr_handler_tmp      udata   0x000028       data   0x00000a
     high_isr_handler_tmp      udata   0x000032       data   0x000002
            .idata_main.o      idata   0x000080       data   0x000045
            .udata_main.o      udata   0x000100       data   0x0000c8
             .udata_irq.o      udata   0x0001c8       data   0x000024
           .udata_c018i.o      udata   0x0001ec       data   0x00000a
             .idata_irq.o      idata   0x0001f6       data   0x000004
          .udata_serial.o      udata   0x0001fa       data   0x000002
          .idata___init.o      idata   0x0001fc       data   0x000000
          .udata___init.o      udata   0x0001fc       data   0x000000
         .idata_adcopen.o      idata   0x0001fc       data   0x000000
         .udata_adcopen.o      udata   0x0001fc       data   0x000000
        .idata_fxd3232u.o      idata   0x0001fc       data   0x000000
        .udata_fxd3232u.o      udata   0x0001fc       data   0x000000
        .idata_fxd1616u.o      idata   0x0001fc       data   0x000000
        .udata_fxd1616u.o      udata   0x0001fc       data   0x000000
        .idata_fxd0808u.o      idata   0x0001fc       data   0x000000
        .udata_fxd0808u.o      udata   0x0001fc       data   0x000000
             .idata_adc.o      idata   0x0001fc       data   0x000000
             .udata_adc.o      udata   0x0001fc       data   0x000000
           .idata_c018i.o      idata   0x0001fc       data   0x000000
           .idata_utils.o      idata   0x0001fc       data   0x000000
           .udata_utils.o      udata   0x0001fc       data   0x000000
          .idata_serial.o      idata   0x0001fc       data   0x000000
          .idata_sensor.o      idata   0x0001fc       data   0x000000
          .udata_sensor.o      udata   0x0001fc       data   0x000000
            .idata_prog.o      idata   0x0001fc       data   0x000000
            .udata_prog.o      udata   0x0001fc       data   0x000000
                   .stack      udata   0x000500       data   0x000100
            SFR_UNBANKED0      udata   0x000f80       data   0x000080



                              Program Memory Usage 
                               Start         End      
                           ---------   ---------      
                            0x000000    0x000011      
                            0x000018    0x001c6a      
                            0x300001    0x300003      
                            0x300005    0x300006      
                            0x30000b    0x30000b      
            7275 out of 33048 program addresses used, program memory utilization is 22%



                              Symbols - Sorted by Name
                     Name    Address   Location    Storage File                     
                ---------  ---------  ---------  --------- ---------                
                      ADC   0x001b20    program     extern C:\MPLAB_Projects\Servo_Pulse\adc.c
                   D1616S   0x0013ba    program     static C:\MCC18\src\traditional\math\fxd1616s.asm
                D1616SNEG   0x0013c8    program     static C:\MCC18\src\traditional\math\fxd1616s.asm
                 D1616SOK   0x0013c4    program     static C:\MCC18\src\traditional\math\fxd1616s.asm
                  D1616SX   0x0013da    program     static C:\MCC18\src\traditional\math\fxd1616s.asm
                  DA1616S   0x0013aa    program     static C:\MCC18\src\traditional\math\fxd1616s.asm
                 Delay_ms   0x001a4e    program     extern C:\MPLAB_Projects\Servo_Pulse\utils.c
                 FLO3232S   0x0010b8    program     extern C:\MCC18\src\traditional\math\cast32FP.asm
                 FLO3232U   0x0010b4    program     extern C:\MCC18\src\traditional\math\cast32FP.asm
                    FPA32   0x0010ec    program     extern C:\MCC18\src\traditional\math\addFP.asm
                    FPD32   0x001218    program     extern C:\MCC18\src\traditional\math\divFP.asm
                    FPM32   0x0012be    program     extern C:\MCC18\src\traditional\math\mulFP.asm
                    FPS32   0x0010ea    program     extern C:\MCC18\src\traditional\math\addFP.asm
                 FXD0808U   0x001bfc    program     extern C:\MCC18\src\traditional\math\fxd0808u.c
                 FXD1616S   0x001398    program     extern C:\MCC18\src\traditional\math\fxd1616s.asm
                 FXD1616U   0x001bb4    program     extern C:\MCC18\src\traditional\math\fxd1616u.c
                 FXD3232U   0x001b6c    program     extern C:\MCC18\src\traditional\math\fxd3232u.c
                  INT3208   0x0013e4    program     extern C:\MCC18\src\traditional\math\castFP08.asm
                  INT3216   0x001432    program     extern C:\MCC18\src\traditional\math\castFP16.asm
                  InitADC   0x001b54    program     extern C:\MPLAB_Projects\Servo_Pulse\adc.c
          InitDefault_PWM   0x000038    program     extern C:\MPLAB_Projects\Servo_Pulse\main.c
                 InitUART   0x000ac8    program     extern C:\MPLAB_Projects\Servo_Pulse\serial.c
                  Init_HW   0x000096    program     extern C:\MPLAB_Projects\Servo_Pulse\main.c
                  OpenADC   0x001ab8    program     extern C:\MCC18\src\pmc_common\ADC\adcopen.c
                 PID_Wait   0x001a86    program     extern C:\MPLAB_Projects\Servo_Pulse\utils.c
                   RxChar   0x000d76    program     extern C:\MPLAB_Projects\Servo_Pulse\serial.c
                   RxNumS   0x000ef4    program     extern C:\MPLAB_Projects\Servo_Pulse\serial.c
                   RxNumU   0x000dee    program     extern C:\MPLAB_Projects\Servo_Pulse\serial.c
    Set_PWM_From_RC_input   0x000054    program     extern C:\MPLAB_Projects\Servo_Pulse\main.c
                  TAGTB32   0x001490    program     extern C:\MCC18\src\traditional\math\gtFP.asm
                  TALTB32   0x0014a2    program     extern C:\MCC18\src\traditional\math\ltFP.asm
                   TxChar   0x000afa    program     extern C:\MPLAB_Projects\Servo_Pulse\serial.c
               TxNextLine   0x000d64    program     extern C:\MPLAB_Projects\Servo_Pulse\serial.c
                 TxNibble   0x000c3c    program     extern C:\MPLAB_Projects\Servo_Pulse\serial.c
                   TxText   0x000b2e    program     extern C:\MPLAB_Projects\Servo_Pulse\serial.c
                   TxValH   0x000c7c    program     extern C:\MPLAB_Projects\Servo_Pulse\serial.c
                 TxValH16   0x000cb8    program     extern C:\MPLAB_Projects\Servo_Pulse\serial.c
                   TxValS   0x000d00    program     extern C:\MPLAB_Projects\Servo_Pulse\serial.c
                   TxValU   0x000b84    program     extern C:\MPLAB_Projects\Servo_Pulse\serial.c
              __FpCompare   0x0014b4    program     extern C:\MCC18\src\traditional\math\compFP.asm
                 __FpExit   0x00156a    program     extern C:\MCC18\src\traditional\math\packFP.asm
                 __FpPack   0x001596    program     extern C:\MCC18\src\traditional\math\packFP.asm
            __FpReturnNaN   0x00155e    program     extern C:\MCC18\src\traditional\math\packFP.asm
         __FpReturnNegInf   0x001570    program     extern C:\MCC18\src\traditional\math\packFP.asm
        __FpReturnNegZero   0x001588    program     extern C:\MCC18\src\traditional\math\packFP.asm
         __FpReturnPosInf   0x001576    program     extern C:\MCC18\src\traditional\math\packFP.asm
        __FpReturnPosZero   0x001590    program     extern C:\MCC18\src\traditional\math\packFP.asm
        __FpReturnSignInf   0x00156c    program     extern C:\MCC18\src\traditional\math\packFP.asm
       __FpReturnSignZero   0x001584    program     extern C:\MCC18\src\traditional\math\packFP.asm
              __FpReturnW   0x0015ee    program     extern C:\MCC18\src\traditional\math\packFP.asm
              __FpUnPackA   0x00160e    program     extern C:\MCC18\src\traditional\math\UnpackFP.asm
              __FpUnPackB   0x00163e    program     extern C:\MCC18\src\traditional\math\UnpackFP.asm
       ___return_lbl00000   0x001bb2    program     static                          
       ___return_lbl00000   0x001bde    program     static                          
       ___return_lbl00000   0x000004    program     static                          
       ___return_lbl00000   0x001c16    program     static                          
       ___return_lbl00001   0x001bfa    program     static                          
       ___return_lbl00002   0x001a4c    program     static                          
       ___return_lbl00029   0x00000c    program     static                          
       ___return_lbl00030   0x00001c    program     static                          
               __config_0   0x300001    program     static C:\MPLAB_Projects\Servo_Pulse\main.c
               __config_1   0x300002    program     static C:\MPLAB_Projects\Servo_Pulse\main.c
               __config_2   0x300003    program     static C:\MPLAB_Projects\Servo_Pulse\main.c
               __config_3   0x300005    program     static C:\MPLAB_Projects\Servo_Pulse\main.c
               __config_4   0x300006    program     static C:\MPLAB_Projects\Servo_Pulse\main.c
               __config_5   0x30000b    program     static C:\MPLAB_Projects\Servo_Pulse\main.c
                   __init   0x000006    program     extern C:\MCC18\src\traditional\stdclib\__init.c
               __tmplbl_5   0x000134    program     static                          
            __zero_memory   0x001c18    program     extern C:\MCC18\src\traditional\proc\p18F2520.asm
                _do_cinit   0x0019b0    program     extern C:\MCC18\src\traditional\startup\c018i.c
                   _entry   0x000000    program     extern C:\MCC18\src\traditional\startup\c018i.c
                   _false   0x001bae    program     static                          
                 _startup   0x001be0    program     extern C:\MCC18\src\traditional\startup\c018i.c
               clear_loop   0x001c1e    program     static C:\MCC18\src\traditional\proc\p18F2520.asm
                copy_loop   0x001a22    program     static                          
            copy_one_byte   0x001a28    program     static                          
                     done   0x001a4c    program     static                          
             done_copying   0x001a36    program     static                          
                  endloop   0x001c12    program     static                          
                  endloop   0x001bda    program     static                          
                 high_isr   0x000008    program     extern C:\MPLAB_Projects\Servo_Pulse\irq.c
         high_isr_handler   0x00166a    program     extern C:\MPLAB_Projects\Servo_Pulse\irq.c
                 jANotInf   0x0012dc    program     static C:\MCC18\src\traditional\math\mulFP.asm
                 jANotInf   0x001114    program     static C:\MCC18\src\traditional\math\addFP.asm
                 jANotInf   0x001236    program     static C:\MCC18\src\traditional\math\divFP.asm
                 jANotNeg   0x0011a8    program     static C:\MCC18\src\traditional\math\addFP.asm
                jANotZero   0x00124a    program     static C:\MCC18\src\traditional\math\divFP.asm
              jAandWsetup   0x001178    program     static C:\MCC18\src\traditional\math\addFP.asm
                  jAisNeg   0x001530    program     static C:\MCC18\src\traditional\math\compFP.asm
                 jAltBexp   0x001166    program     static C:\MCC18\src\traditional\math\addFP.asm
                jBANotInf   0x00110a    program     static C:\MCC18\src\traditional\math\addFP.asm
                 jBNotInf   0x001122    program     static C:\MCC18\src\traditional\math\addFP.asm
              jBothFinite   0x0012ea    program     static C:\MCC18\src\traditional\math\mulFP.asm
             jBothNotZero   0x0014d2    program     static C:\MCC18\src\traditional\math\compFP.asm
             jBothNotZero   0x0012f6    program     static C:\MCC18\src\traditional\math\mulFP.asm
            jDifOrPosSign   0x001136    program     static C:\MCC18\src\traditional\math\addFP.asm
                      jEQ   0x0014ee    program     static C:\MCC18\src\traditional\math\compFP.asm
                    jExch   0x0014fa    program     static C:\MCC18\src\traditional\math\compFP.asm
                    jExit   0x001430    program     static C:\MCC18\src\traditional\math\castFP08.asm
                    jExit   0x00148e    program     static C:\MCC18\src\traditional\math\castFP16.asm
                   jExpEQ   0x001540    program     static C:\MCC18\src\traditional\math\compFP.asm
                   jFinal   0x001524    program     static C:\MCC18\src\traditional\math\compFP.asm
               jFinalSign   0x001210    program     static C:\MCC18\src\traditional\math\addFP.asm
                jHaveZero   0x0012f2    program     static C:\MCC18\src\traditional\math\mulFP.asm
                jI2F32Beg   0x0010d0    program     static C:\MCC18\src\traditional\math\cast32FP.asm
                    jLoop   0x00146e    program     static C:\MCC18\src\traditional\math\castFP16.asm
                    jLoop   0x001418    program     static C:\MCC18\src\traditional\math\castFP08.asm
                    jLoop   0x001272    program     static C:\MCC18\src\traditional\math\divFP.asm
                jLoopExit   0x00147e    program     static C:\MCC18\src\traditional\math\castFP16.asm
                jLoopExit   0x001426    program     static C:\MCC18\src\traditional\math\castFP08.asm
                     jMax   0x0013f4    program     static C:\MCC18\src\traditional\math\castFP08.asm
                     jMax   0x001442    program     static C:\MCC18\src\traditional\math\castFP16.asm
                  jMaxNeg   0x001450    program     static C:\MCC18\src\traditional\math\castFP16.asm
                  jMaxNeg   0x0013fe    program     static C:\MCC18\src\traditional\math\castFP08.asm
                  jMaxPos   0x001446    program     static C:\MCC18\src\traditional\math\castFP16.asm
                  jMaxPos   0x0013f8    program     static C:\MCC18\src\traditional\math\castFP08.asm
                      jNE   0x0014f2    program     static C:\MCC18\src\traditional\math\compFP.asm
                    jNext   0x001298    program     static C:\MCC18\src\traditional\math\divFP.asm
                jNoAdjust   0x001296    program     static C:\MCC18\src\traditional\math\divFP.asm
                  jNoExch   0x00151a    program     static C:\MCC18\src\traditional\math\compFP.asm
             jNotBothZero   0x00113a    program     static C:\MCC18\src\traditional\math\addFP.asm
                  jNotInf   0x001408    program     static C:\MCC18\src\traditional\math\castFP08.asm
                  jNotInf   0x00145e    program     static C:\MCC18\src\traditional\math\castFP16.asm
                  jPkLoop   0x0015a4    program     static C:\MCC18\src\traditional\math\packFP.asm
             jPkRoundDone   0x0015ee    program     static C:\MCC18\src\traditional\math\packFP.asm
               jPkRoundIt   0x0015d6    program     static C:\MCC18\src\traditional\math\packFP.asm
             jPkShiftDone   0x0015c0    program     static C:\MCC18\src\traditional\math\packFP.asm
           jReturnPosInf0   0x00157a    program     static C:\MCC18\src\traditional\math\packFP.asm
                  jRotate   0x00154c    program     static C:\MCC18\src\traditional\math\compFP.asm
                   jShift   0x001536    program     static C:\MCC18\src\traditional\math\compFP.asm
               jShiftDone   0x0011d0    program     static C:\MCC18\src\traditional\math\addFP.asm
               jShiftLoop   0x0011c2    program     static C:\MCC18\src\traditional\math\addFP.asm
                jSignDone   0x001200    program     static C:\MCC18\src\traditional\math\addFP.asm
              jSignedZero   0x001240    program     static C:\MCC18\src\traditional\math\divFP.asm
                 jSignsEQ   0x0014d6    program     static C:\MCC18\src\traditional\math\compFP.asm
                  jUnpkA1   0x001618    program     static C:\MCC18\src\traditional\math\UnpackFP.asm
                  jUnpkA2   0x001630    program     static C:\MCC18\src\traditional\math\UnpackFP.asm
                 jUnpkANZ   0x001626    program     static C:\MCC18\src\traditional\math\UnpackFP.asm
                  jUnpkB1   0x001648    program     static C:\MCC18\src\traditional\math\UnpackFP.asm
                  jUnpkB2   0x001660    program     static C:\MCC18\src\traditional\math\UnpackFP.asm
                 jUnpkBNZ   0x001656    program     static C:\MCC18\src\traditional\math\UnpackFP.asm
                 jUnpkNaN   0x00163a    program     static C:\MCC18\src\traditional\math\UnpackFP.asm
                 jWNotNeg   0x0011bc    program     static C:\MCC18\src\traditional\math\addFP.asm
                    jZero   0x001458    program     static C:\MCC18\src\traditional\math\castFP16.asm
                    jZero   0x001404    program     static C:\MCC18\src\traditional\math\castFP08.asm
               jZero1and2   0x00157e    program     static C:\MCC18\src\traditional\math\packFP.asm
                     loop   0x001bf0    program     static                          
                     loop   0x001b7a    program     static                          
                     loop   0x001bbe    program     static                          
                     loop   0x001c04    program     static                          
                  low_isr   0x000018    program     extern C:\MPLAB_Projects\Servo_Pulse\irq.c
          low_isr_handler   0x001762    program     extern C:\MPLAB_Projects\Servo_Pulse\irq.c
                     main   0x0000ea    program     extern C:\MPLAB_Projects\Servo_Pulse\main.c
                     test   0x0019ca    program     static                          
                   ADCON0   0x000fc2       data     extern C:\MCC18\src\traditional\proc\p18F2520.asm
               ADCON0bits   0x000fc2       data     extern C:\MCC18\src\traditional\proc\p18F2520.asm
                   ADCON1   0x000fc1       data     extern C:\MCC18\src\traditional\proc\p18F2520.asm
               ADCON1bits   0x000fc1       data     extern C:\MCC18\src\traditional\proc\p18F2520.asm
                   ADCON2   0x000fc0       data     extern C:\MCC18\src\traditional\proc\p18F2520.asm
               ADCON2bits   0x000fc0       data     extern C:\MCC18\src\traditional\proc\p18F2520.asm
                    ADRES   0x000fc3       data     extern C:\MCC18\src\traditional\proc\p18F2520.asm
                   ADRESH   0x000fc4       data     extern C:\MCC18\src\traditional\proc\p18F2520.asm
                   ADRESL   0x000fc3       data     extern C:\MCC18\src\traditional\proc\p18F2520.asm
                  BAUDCON   0x000fb8       data     extern C:\MCC18\src\traditional\proc\p18F2520.asm
              BAUDCONbits   0x000fb8       data     extern C:\MCC18\src\traditional\proc\p18F2520.asm
                  BAUDCTL   0x000fb8       data     extern C:\MCC18\src\traditional\proc\p18F2520.asm
              BAUDCTLbits   0x000fb8       data     extern C:\MCC18\src\traditional\proc\p18F2520.asm
                      BSR   0x000fe0       data     extern C:\MCC18\src\traditional\proc\p18F2520.asm
                  CCP1CON   0x000fbd       data     extern C:\MCC18\src\traditional\proc\p18F2520.asm
              CCP1CONbits   0x000fbd       data     extern C:\MCC18\src\traditional\proc\p18F2520.asm
                  CCP2CON   0x000fba       data     extern C:\MCC18\src\traditional\proc\p18F2520.asm
              CCP2CONbits   0x000fba       data     extern C:\MCC18\src\traditional\proc\p18F2520.asm
                    CCPR1   0x000fbe       data     extern C:\MCC18\src\traditional\proc\p18F2520.asm
                   CCPR1H   0x000fbf       data     extern C:\MCC18\src\traditional\proc\p18F2520.asm
                   CCPR1L   0x000fbe       data     extern C:\MCC18\src\traditional\proc\p18F2520.asm
                    CCPR2   0x000fbb       data     extern C:\MCC18\src\traditional\proc\p18F2520.asm
                   CCPR2H   0x000fbc       data     extern C:\MCC18\src\traditional\proc\p18F2520.asm
                   CCPR2L   0x000fbb       data     extern C:\MCC18\src\traditional\proc\p18F2520.asm
                    CMCON   0x000fb4       data     extern C:\MCC18\src\traditional\proc\p18F2520.asm
                CMCONbits   0x000fb4       data     extern C:\MCC18\src\traditional\proc\p18F2520.asm
                   CVRCON   0x000fb5       data     extern C:\MCC18\src\traditional\proc\p18F2520.asm
               CVRCONbits   0x000fb5       data     extern C:\MCC18\src\traditional\proc\p18F2520.asm
                   Ch_Ndx   0x0001cb       data     static C:\MPLAB_Projects\Servo_Pulse\irq.c
                   Ch_Off   0x0001c9       data     static C:\MPLAB_Projects\Servo_Pulse\irq.c
                    Ch_On   0x0001c8       data     static C:\MPLAB_Projects\Servo_Pulse\irq.c
                        D   0x000088       data     extern C:\MPLAB_Projects\Servo_Pulse\main.c
                     DDRA   0x000f92       data     extern C:\MCC18\src\traditional\proc\p18F2520.asm
                 DDRAbits   0x000f92       data     extern C:\MCC18\src\traditional\proc\p18F2520.asm
                     DDRB   0x000f93       data     extern C:\MCC18\src\traditional\proc\p18F2520.asm
                 DDRBbits   0x000f93       data     extern C:\MCC18\src\traditional\proc\p18F2520.asm
                     DDRC   0x000f94       data     extern C:\MCC18\src\traditional\proc\p18F2520.asm
                 DDRCbits   0x000f94       data     extern C:\MCC18\src\traditional\proc\p18F2520.asm
                  ECCP1AS   0x000fb6       data     extern C:\MCC18\src\traditional\proc\p18F2520.asm
              ECCP1ASbits   0x000fb6       data     extern C:\MCC18\src\traditional\proc\p18F2520.asm
                    EEADR   0x000fa9       data     extern C:\MCC18\src\traditional\proc\p18F2520.asm
                   EECON1   0x000fa6       data     extern C:\MCC18\src\traditional\proc\p18F2520.asm
               EECON1bits   0x000fa6       data     extern C:\MCC18\src\traditional\proc\p18F2520.asm
                   EECON2   0x000fa7       data     extern C:\MCC18\src\traditional\proc\p18F2520.asm
                   EEDATA   0x000fa8       data     extern C:\MCC18\src\traditional\proc\p18F2520.asm
                     FSR0   0x000fe9       data     extern C:\MCC18\src\traditional\proc\p18F2520.asm
                    FSR0H   0x000fea       data     extern C:\MCC18\src\traditional\proc\p18F2520.asm
                    FSR0L   0x000fe9       data     extern C:\MCC18\src\traditional\proc\p18F2520.asm
                     FSR1   0x000fe1       data     extern C:\MCC18\src\traditional\proc\p18F2520.asm
                    FSR1H   0x000fe2       data     extern C:\MCC18\src\traditional\proc\p18F2520.asm
                    FSR1L   0x000fe1       data     extern C:\MCC18\src\traditional\proc\p18F2520.asm
                     FSR2   0x000fd9       data     extern C:\MCC18\src\traditional\proc\p18F2520.asm
                    FSR2H   0x000fda       data     extern C:\MCC18\src\traditional\proc\p18F2520.asm
                    FSR2L   0x000fd9       data     extern C:\MCC18\src\traditional\proc\p18F2520.asm
                  HLVDCON   0x000fd2       data     extern C:\MCC18\src\traditional\proc\p18F2520.asm
              HLVDCONbits   0x000fd2       data     extern C:\MCC18\src\traditional\proc\p18F2520.asm
                        I   0x000084       data     extern C:\MPLAB_Projects\Servo_Pulse\main.c
                    INDF0   0x000fef       data     extern C:\MCC18\src\traditional\proc\p18F2520.asm
                    INDF1   0x000fe7       data     extern C:\MCC18\src\traditional\proc\p18F2520.asm
                    INDF2   0x000fdf       data     extern C:\MCC18\src\traditional\proc\p18F2520.asm
                   INTCON   0x000ff2       data     extern C:\MCC18\src\traditional\proc\p18F2520.asm
                  INTCON2   0x000ff1       data     extern C:\MCC18\src\traditional\proc\p18F2520.asm
              INTCON2bits   0x000ff1       data     extern C:\MCC18\src\traditional\proc\p18F2520.asm
                  INTCON3   0x000ff0       data     extern C:\MCC18\src\traditional\proc\p18F2520.asm
              INTCON3bits   0x000ff0       data     extern C:\MCC18\src\traditional\proc\p18F2520.asm
               INTCONbits   0x000ff2       data     extern C:\MCC18\src\traditional\proc\p18F2520.asm
                     IPR1   0x000f9f       data     extern C:\MCC18\src\traditional\proc\p18F2520.asm
                 IPR1bits   0x000f9f       data     extern C:\MCC18\src\traditional\proc\p18F2520.asm
                     IPR2   0x000fa2       data     extern C:\MCC18\src\traditional\proc\p18F2520.asm
                 IPR2bits   0x000fa2       data     extern C:\MCC18\src\traditional\proc\p18F2520.asm
                     LATA   0x000f89       data     extern C:\MCC18\src\traditional\proc\p18F2520.asm
                 LATAbits   0x000f89       data     extern C:\MCC18\src\traditional\proc\p18F2520.asm
                     LATB   0x000f8a       data     extern C:\MCC18\src\traditional\proc\p18F2520.asm
                 LATBbits   0x000f8a       data     extern C:\MCC18\src\traditional\proc\p18F2520.asm
                     LATC   0x000f8b       data     extern C:\MCC18\src\traditional\proc\p18F2520.asm
                 LATCbits   0x000f8b       data     extern C:\MCC18\src\traditional\proc\p18F2520.asm
                   LVDCON   0x000fd2       data     extern C:\MCC18\src\traditional\proc\p18F2520.asm
               LVDCONbits   0x000fd2       data     extern C:\MCC18\src\traditional\proc\p18F2520.asm
                   OSCCON   0x000fd3       data     extern C:\MCC18\src\traditional\proc\p18F2520.asm
               OSCCONbits   0x000fd3       data     extern C:\MCC18\src\traditional\proc\p18F2520.asm
                  OSCTUNE   0x000f9b       data     extern C:\MCC18\src\traditional\proc\p18F2520.asm
              OSCTUNEbits   0x000f9b       data     extern C:\MCC18\src\traditional\proc\p18F2520.asm
                        P   0x000080       data     extern C:\MPLAB_Projects\Servo_Pulse\main.c
                       PC   0x000ff9       data     extern C:\MCC18\src\traditional\proc\p18F2520.asm
                      PCL   0x000ff9       data     extern C:\MCC18\src\traditional\proc\p18F2520.asm
                   PCLATH   0x000ffa       data     extern C:\MCC18\src\traditional\proc\p18F2520.asm
                   PCLATU   0x000ffb       data     extern C:\MCC18\src\traditional\proc\p18F2520.asm
                PID_Delay   0x0001f8       data     extern C:\MPLAB_Projects\Servo_Pulse\irq.c
                     PIE1   0x000f9d       data     extern C:\MCC18\src\traditional\proc\p18F2520.asm
                 PIE1bits   0x000f9d       data     extern C:\MCC18\src\traditional\proc\p18F2520.asm
                     PIE2   0x000fa0       data     extern C:\MCC18\src\traditional\proc\p18F2520.asm
                 PIE2bits   0x000fa0       data     extern C:\MCC18\src\traditional\proc\p18F2520.asm
                     PIR1   0x000f9e       data     extern C:\MCC18\src\traditional\proc\p18F2520.asm
                 PIR1bits   0x000f9e       data     extern C:\MCC18\src\traditional\proc\p18F2520.asm
                     PIR2   0x000fa1       data     extern C:\MCC18\src\traditional\proc\p18F2520.asm
                 PIR2bits   0x000fa1       data     extern C:\MCC18\src\traditional\proc\p18F2520.asm
                   PLUSW0   0x000feb       data     extern C:\MCC18\src\traditional\proc\p18F2520.asm
                   PLUSW1   0x000fe3       data     extern C:\MCC18\src\traditional\proc\p18F2520.asm
                   PLUSW2   0x000fdb       data     extern C:\MCC18\src\traditional\proc\p18F2520.asm
                    PORTA   0x000f80       data     extern C:\MCC18\src\traditional\proc\p18F2520.asm
                PORTAbits   0x000f80       data     extern C:\MCC18\src\traditional\proc\p18F2520.asm
                    PORTB   0x000f81       data     extern C:\MCC18\src\traditional\proc\p18F2520.asm
                PORTBbits   0x000f81       data     extern C:\MCC18\src\traditional\proc\p18F2520.asm
                    PORTC   0x000f82       data     extern C:\MCC18\src\traditional\proc\p18F2520.asm
                PORTCbits   0x000f82       data     extern C:\MCC18\src\traditional\proc\p18F2520.asm
                    PORTE   0x000f84       data     extern C:\MCC18\src\traditional\proc\p18F2520.asm
                PORTEbits   0x000f84       data     extern C:\MCC18\src\traditional\proc\p18F2520.asm
                 POSTDEC0   0x000fed       data     extern C:\MCC18\src\traditional\proc\p18F2520.asm
                 POSTDEC1   0x000fe5       data     extern C:\MCC18\src\traditional\proc\p18F2520.asm
                 POSTDEC2   0x000fdd       data     extern C:\MCC18\src\traditional\proc\p18F2520.asm
                 POSTINC0   0x000fee       data     extern C:\MCC18\src\traditional\proc\p18F2520.asm
                 POSTINC1   0x000fe6       data     extern C:\MCC18\src\traditional\proc\p18F2520.asm
                 POSTINC2   0x000fde       data     extern C:\MCC18\src\traditional\proc\p18F2520.asm
                      PR2   0x000fcb       data     extern C:\MCC18\src\traditional\proc\p18F2520.asm
                  PREINC0   0x000fec       data     extern C:\MCC18\src\traditional\proc\p18F2520.asm
                  PREINC1   0x000fe4       data     extern C:\MCC18\src\traditional\proc\p18F2520.asm
                  PREINC2   0x000fdc       data     extern C:\MCC18\src\traditional\proc\p18F2520.asm
                     PROD   0x000ff3       data     extern C:\MCC18\src\traditional\proc\p18F2520.asm
                    PRODH   0x000ff4       data     extern C:\MCC18\src\traditional\proc\p18F2520.asm
                    PRODL   0x000ff3       data     extern C:\MCC18\src\traditional\proc\p18F2520.asm
                  PWM1CON   0x000fb7       data     extern C:\MCC18\src\traditional\proc\p18F2520.asm
              PWM1CONbits   0x000fb7       data     extern C:\MCC18\src\traditional\proc\p18F2520.asm
                PWM_Pause   0x0001f7       data     extern C:\MPLAB_Projects\Servo_Pulse\irq.c
                  PWM_Val   0x0001ce       data     extern C:\MPLAB_Projects\Servo_Pulse\irq.c
                    Pause   0x0001ca       data     static C:\MPLAB_Projects\Servo_Pulse\irq.c
                     RCON   0x000fd0       data     extern C:\MCC18\src\traditional\proc\p18F2520.asm
                 RCONbits   0x000fd0       data     extern C:\MCC18\src\traditional\proc\p18F2520.asm
                    RCREG   0x000fae       data     extern C:\MCC18\src\traditional\proc\p18F2520.asm
                    RCSTA   0x000fab       data     extern C:\MCC18\src\traditional\proc\p18F2520.asm
                RCSTAbits   0x000fab       data     extern C:\MCC18\src\traditional\proc\p18F2520.asm
                 RXCh_Ndx   0x0001cc       data     static C:\MPLAB_Projects\Servo_Pulse\irq.c
                 RXCh_Val   0x0001d8       data     extern C:\MPLAB_Projects\Servo_Pulse\irq.c
          RX_Num_Channels   0x0001ea       data     extern C:\MPLAB_Projects\Servo_Pulse\irq.c
               RxFrameErr   0x0001eb       data     extern C:\MPLAB_Projects\Servo_Pulse\irq.c
                     SIGN   0x000000       data     extern C:\MCC18\src\traditional\math\cmath18.asm
                    SPBRG   0x000faf       data     extern C:\MCC18\src\traditional\proc\p18F2520.asm
                   SPBRGH   0x000fb0       data     extern C:\MCC18\src\traditional\proc\p18F2520.asm
                   SSPADD   0x000fc8       data     extern C:\MCC18\src\traditional\proc\p18F2520.asm
                   SSPBUF   0x000fc9       data     extern C:\MCC18\src\traditional\proc\p18F2520.asm
                  SSPCON1   0x000fc6       data     extern C:\MCC18\src\traditional\proc\p18F2520.asm
              SSPCON1bits   0x000fc6       data     extern C:\MCC18\src\traditional\proc\p18F2520.asm
                  SSPCON2   0x000fc5       data     extern C:\MCC18\src\traditional\proc\p18F2520.asm
              SSPCON2bits   0x000fc5       data     extern C:\MCC18\src\traditional\proc\p18F2520.asm
                  SSPSTAT   0x000fc7       data     extern C:\MCC18\src\traditional\proc\p18F2520.asm
              SSPSTATbits   0x000fc7       data     extern C:\MCC18\src\traditional\proc\p18F2520.asm
                   STATUS   0x000fd8       data     extern C:\MCC18\src\traditional\proc\p18F2520.asm
               STATUSbits   0x000fd8       data     extern C:\MCC18\src\traditional\proc\p18F2520.asm
                   STKPTR   0x000ffc       data     extern C:\MCC18\src\traditional\proc\p18F2520.asm
               STKPTRbits   0x000ffc       data     extern C:\MCC18\src\traditional\proc\p18F2520.asm
                 SetPoint   0x000090       data     extern C:\MPLAB_Projects\Servo_Pulse\main.c
                    T0CON   0x000fd5       data     extern C:\MCC18\src\traditional\proc\p18F2520.asm
                T0CONbits   0x000fd5       data     extern C:\MCC18\src\traditional\proc\p18F2520.asm
                    T1CON   0x000fcd       data     extern C:\MCC18\src\traditional\proc\p18F2520.asm
                T1CONbits   0x000fcd       data     extern C:\MCC18\src\traditional\proc\p18F2520.asm
                    T2CON   0x000fca       data     extern C:\MCC18\src\traditional\proc\p18F2520.asm
                T2CONbits   0x000fca       data     extern C:\MCC18\src\traditional\proc\p18F2520.asm
                    T3CON   0x000fb1       data     extern C:\MCC18\src\traditional\proc\p18F2520.asm
                T3CONbits   0x000fb1       data     extern C:\MCC18\src\traditional\proc\p18F2520.asm
                   TABLAT   0x000ff5       data     extern C:\MCC18\src\traditional\proc\p18F2520.asm
                   TBLPTR   0x000ff6       data     extern C:\MCC18\src\traditional\proc\p18F2520.asm
                  TBLPTRH   0x000ff7       data     extern C:\MCC18\src\traditional\proc\p18F2520.asm
                  TBLPTRL   0x000ff6       data     extern C:\MCC18\src\traditional\proc\p18F2520.asm
                  TBLPTRU   0x000ff8       data     extern C:\MCC18\src\traditional\proc\p18F2520.asm
                    TMR0H   0x000fd7       data     extern C:\MCC18\src\traditional\proc\p18F2520.asm
                    TMR0L   0x000fd6       data     extern C:\MCC18\src\traditional\proc\p18F2520.asm
                    TMR1H   0x000fcf       data     extern C:\MCC18\src\traditional\proc\p18F2520.asm
                    TMR1L   0x000fce       data     extern C:\MCC18\src\traditional\proc\p18F2520.asm
                     TMR2   0x000fcc       data     extern C:\MCC18\src\traditional\proc\p18F2520.asm
                    TMR3H   0x000fb3       data     extern C:\MCC18\src\traditional\proc\p18F2520.asm
                    TMR3L   0x000fb2       data     extern C:\MCC18\src\traditional\proc\p18F2520.asm
                      TOS   0x000ffd       data     extern C:\MCC18\src\traditional\proc\p18F2520.asm
                     TOSH   0x000ffe       data     extern C:\MCC18\src\traditional\proc\p18F2520.asm
                     TOSL   0x000ffd       data     extern C:\MCC18\src\traditional\proc\p18F2520.asm
                     TOSU   0x000fff       data     extern C:\MCC18\src\traditional\proc\p18F2520.asm
                    TRISA   0x000f92       data     extern C:\MCC18\src\traditional\proc\p18F2520.asm
                TRISAbits   0x000f92       data     extern C:\MCC18\src\traditional\proc\p18F2520.asm
                    TRISB   0x000f93       data     extern C:\MCC18\src\traditional\proc\p18F2520.asm
                TRISBbits   0x000f93       data     extern C:\MCC18\src\traditional\proc\p18F2520.asm
                    TRISC   0x000f94       data     extern C:\MCC18\src\traditional\proc\p18F2520.asm
                TRISCbits   0x000f94       data     extern C:\MCC18\src\traditional\proc\p18F2520.asm
                    TXREG   0x000fad       data     extern C:\MCC18\src\traditional\proc\p18F2520.asm
                    TXSTA   0x000fac       data     extern C:\MCC18\src\traditional\proc\p18F2520.asm
                TXSTAbits   0x000fac       data     extern C:\MCC18\src\traditional\proc\p18F2520.asm
              TimeTick1ms   0x0001cd       data     extern C:\MPLAB_Projects\Servo_Pulse\irq.c
                        W   0x000fe8       data     extern C:\MCC18\src\traditional\proc\p18F2520.asm
                   WDTCON   0x000fd1       data     extern C:\MCC18\src\traditional\proc\p18F2520.asm
               WDTCONbits   0x000fd1       data     extern C:\MCC18\src\traditional\proc\p18F2520.asm
                     WREG   0x000fe8       data     extern C:\MCC18\src\traditional\proc\p18F2520.asm
                   _NegIn   0x0001fa       data     extern C:\MPLAB_Projects\Servo_Pulse\serial.c
                _NoSignal   0x0001f6       data     extern C:\MPLAB_Projects\Servo_Pulse\irq.c
                 __AARGB0   0x000009       data     extern C:\MCC18\src\traditional\math\aarg.asm
                 __AARGB1   0x000008       data     extern C:\MCC18\src\traditional\math\aarg.asm
                 __AARGB2   0x000007       data     extern C:\MCC18\src\traditional\math\aarg.asm
                 __AARGB3   0x000006       data     extern C:\MCC18\src\traditional\math\aarg.asm
                 __AARGB4   0x000005       data     extern C:\MCC18\src\traditional\math\aarg.asm
                 __AARGB5   0x000004       data     extern C:\MCC18\src\traditional\math\aarg.asm
                 __AARGB6   0x000003       data     extern C:\MCC18\src\traditional\math\aarg.asm
                 __AARGB7   0x000002       data     extern C:\MCC18\src\traditional\math\aarg.asm
                   __AEXP   0x00000a       data     extern C:\MCC18\src\traditional\math\aarg.asm
                 __BARGB0   0x00000e       data     extern C:\MCC18\src\traditional\math\barg.asm
                 __BARGB1   0x00000d       data     extern C:\MCC18\src\traditional\math\barg.asm
                 __BARGB2   0x00000c       data     extern C:\MCC18\src\traditional\math\barg.asm
                 __BARGB3   0x00000b       data     extern C:\MCC18\src\traditional\math\barg.asm
                   __BEXP   0x00000f       data     extern C:\MCC18\src\traditional\math\barg.asm
                __FPFLAGS   0x000001       data     extern C:\MCC18\src\traditional\math\cmath18.asm
            __FPFLAGSbits   0x000001       data     extern C:\MCC18\src\traditional\math\cmath18.asm
                  __REMB0   0x000005       data     extern C:\MCC18\src\traditional\math\aarg.asm
                  __REMB1   0x000004       data     extern C:\MCC18\src\traditional\math\aarg.asm
                  __REMB2   0x000003       data     extern C:\MCC18\src\traditional\math\aarg.asm
                  __REMB3   0x000002       data     extern C:\MCC18\src\traditional\math\aarg.asm
                   __TEMP   0x000013       data     extern C:\MCC18\src\traditional\math\temparg.asm
                 __TEMPB0   0x000013       data     extern C:\MCC18\src\traditional\math\temparg.asm
                 __TEMPB1   0x000012       data     extern C:\MCC18\src\traditional\math\temparg.asm
                 __TEMPB2   0x000011       data     extern C:\MCC18\src\traditional\math\temparg.asm
                 __TEMPB3   0x000010       data     extern C:\MCC18\src\traditional\math\temparg.asm
                  __tmp_0   0x000014       data     static C:\MPLAB_Projects\Servo_Pulse\adc.c
                  __tmp_0   0x000014       data     static C:\MPLAB_Projects\Servo_Pulse\main.c
                  __tmp_0   0x000014       data     static C:\MPLAB_Projects\Servo_Pulse\utils.c
                  __tmp_0   0x000014       data     static C:\MPLAB_Projects\Servo_Pulse\serial.c
                  __tmp_1   0x000032       data     static C:\MPLAB_Projects\Servo_Pulse\irq.c
                  __tmp_2   0x000028       data     static C:\MPLAB_Projects\Servo_Pulse\irq.c
                curr_byte   0x0001ef       data     static C:\MCC18\src\traditional\startup\c018i.c
               curr_entry   0x0001f1       data     static C:\MCC18\src\traditional\startup\c018i.c
                 data_ptr   0x0001f3       data     static C:\MCC18\src\traditional\startup\c018i.c
                   p_last   0x00008c       data     extern C:\MPLAB_Projects\Servo_Pulse\main.c
                     prom   0x0001ec       data     static C:\MCC18\src\traditional\startup\c018i.c
                  temp1cp   0x0000a3       data     extern C:\MPLAB_Projects\Servo_Pulse\main.c
                  temp2cp   0x0000b3       data     extern C:\MPLAB_Projects\Servo_Pulse\main.c
             temp_ADC_avg   0x000100       data     extern C:\MPLAB_Projects\Servo_Pulse\main.c
              tmpRXCh_Val   0x0001e1       data     static C:\MPLAB_Projects\Servo_Pulse\irq.c



                              Symbols - Sorted by Address
                     Name    Address   Location    Storage File                     
                ---------  ---------  ---------  --------- ---------                
                   _entry   0x000000    program     extern C:\MCC18\src\traditional\startup\c018i.c
       ___return_lbl00000   0x000004    program     static                          
                   __init   0x000006    program     extern C:\MCC18\src\traditional\stdclib\__init.c
                 high_isr   0x000008    program     extern C:\MPLAB_Projects\Servo_Pulse\irq.c
       ___return_lbl00029   0x00000c    program     static                          
                  low_isr   0x000018    program     extern C:\MPLAB_Projects\Servo_Pulse\irq.c
       ___return_lbl00030   0x00001c    program     static                          
          InitDefault_PWM   0x000038    program     extern C:\MPLAB_Projects\Servo_Pulse\main.c
    Set_PWM_From_RC_input   0x000054    program     extern C:\MPLAB_Projects\Servo_Pulse\main.c
                  Init_HW   0x000096    program     extern C:\MPLAB_Projects\Servo_Pulse\main.c
                     main   0x0000ea    program     extern C:\MPLAB_Projects\Servo_Pulse\main.c
               __tmplbl_5   0x000134    program     static                          
                 InitUART   0x000ac8    program     extern C:\MPLAB_Projects\Servo_Pulse\serial.c
                   TxChar   0x000afa    program     extern C:\MPLAB_Projects\Servo_Pulse\serial.c
                   TxText   0x000b2e    program     extern C:\MPLAB_Projects\Servo_Pulse\serial.c
                   TxValU   0x000b84    program     extern C:\MPLAB_Projects\Servo_Pulse\serial.c
                 TxNibble   0x000c3c    program     extern C:\MPLAB_Projects\Servo_Pulse\serial.c
                   TxValH   0x000c7c    program     extern C:\MPLAB_Projects\Servo_Pulse\serial.c
                 TxValH16   0x000cb8    program     extern C:\MPLAB_Projects\Servo_Pulse\serial.c
                   TxValS   0x000d00    program     extern C:\MPLAB_Projects\Servo_Pulse\serial.c
               TxNextLine   0x000d64    program     extern C:\MPLAB_Projects\Servo_Pulse\serial.c
                   RxChar   0x000d76    program     extern C:\MPLAB_Projects\Servo_Pulse\serial.c
                   RxNumU   0x000dee    program     extern C:\MPLAB_Projects\Servo_Pulse\serial.c
                   RxNumS   0x000ef4    program     extern C:\MPLAB_Projects\Servo_Pulse\serial.c
                 FLO3232U   0x0010b4    program     extern C:\MCC18\src\traditional\math\cast32FP.asm
                 FLO3232S   0x0010b8    program     extern C:\MCC18\src\traditional\math\cast32FP.asm
                jI2F32Beg   0x0010d0    program     static C:\MCC18\src\traditional\math\cast32FP.asm
                    FPS32   0x0010ea    program     extern C:\MCC18\src\traditional\math\addFP.asm
                    FPA32   0x0010ec    program     extern C:\MCC18\src\traditional\math\addFP.asm
                jBANotInf   0x00110a    program     static C:\MCC18\src\traditional\math\addFP.asm
                 jANotInf   0x001114    program     static C:\MCC18\src\traditional\math\addFP.asm
                 jBNotInf   0x001122    program     static C:\MCC18\src\traditional\math\addFP.asm
            jDifOrPosSign   0x001136    program     static C:\MCC18\src\traditional\math\addFP.asm
             jNotBothZero   0x00113a    program     static C:\MCC18\src\traditional\math\addFP.asm
                 jAltBexp   0x001166    program     static C:\MCC18\src\traditional\math\addFP.asm
              jAandWsetup   0x001178    program     static C:\MCC18\src\traditional\math\addFP.asm
                 jANotNeg   0x0011a8    program     static C:\MCC18\src\traditional\math\addFP.asm
                 jWNotNeg   0x0011bc    program     static C:\MCC18\src\traditional\math\addFP.asm
               jShiftLoop   0x0011c2    program     static C:\MCC18\src\traditional\math\addFP.asm
               jShiftDone   0x0011d0    program     static C:\MCC18\src\traditional\math\addFP.asm
                jSignDone   0x001200    program     static C:\MCC18\src\traditional\math\addFP.asm
               jFinalSign   0x001210    program     static C:\MCC18\src\traditional\math\addFP.asm
                    FPD32   0x001218    program     extern C:\MCC18\src\traditional\math\divFP.asm
                 jANotInf   0x001236    program     static C:\MCC18\src\traditional\math\divFP.asm
              jSignedZero   0x001240    program     static C:\MCC18\src\traditional\math\divFP.asm
                jANotZero   0x00124a    program     static C:\MCC18\src\traditional\math\divFP.asm
                    jLoop   0x001272    program     static C:\MCC18\src\traditional\math\divFP.asm
                jNoAdjust   0x001296    program     static C:\MCC18\src\traditional\math\divFP.asm
                    jNext   0x001298    program     static C:\MCC18\src\traditional\math\divFP.asm
                    FPM32   0x0012be    program     extern C:\MCC18\src\traditional\math\mulFP.asm
                 jANotInf   0x0012dc    program     static C:\MCC18\src\traditional\math\mulFP.asm
              jBothFinite   0x0012ea    program     static C:\MCC18\src\traditional\math\mulFP.asm
                jHaveZero   0x0012f2    program     static C:\MCC18\src\traditional\math\mulFP.asm
             jBothNotZero   0x0012f6    program     static C:\MCC18\src\traditional\math\mulFP.asm
                 FXD1616S   0x001398    program     extern C:\MCC18\src\traditional\math\fxd1616s.asm
                  DA1616S   0x0013aa    program     static C:\MCC18\src\traditional\math\fxd1616s.asm
                   D1616S   0x0013ba    program     static C:\MCC18\src\traditional\math\fxd1616s.asm
                 D1616SOK   0x0013c4    program     static C:\MCC18\src\traditional\math\fxd1616s.asm
                D1616SNEG   0x0013c8    program     static C:\MCC18\src\traditional\math\fxd1616s.asm
                  D1616SX   0x0013da    program     static C:\MCC18\src\traditional\math\fxd1616s.asm
                  INT3208   0x0013e4    program     extern C:\MCC18\src\traditional\math\castFP08.asm
                     jMax   0x0013f4    program     static C:\MCC18\src\traditional\math\castFP08.asm
                  jMaxPos   0x0013f8    program     static C:\MCC18\src\traditional\math\castFP08.asm
                  jMaxNeg   0x0013fe    program     static C:\MCC18\src\traditional\math\castFP08.asm
                    jZero   0x001404    program     static C:\MCC18\src\traditional\math\castFP08.asm
                  jNotInf   0x001408    program     static C:\MCC18\src\traditional\math\castFP08.asm
                    jLoop   0x001418    program     static C:\MCC18\src\traditional\math\castFP08.asm
                jLoopExit   0x001426    program     static C:\MCC18\src\traditional\math\castFP08.asm
                    jExit   0x001430    program     static C:\MCC18\src\traditional\math\castFP08.asm
                  INT3216   0x001432    program     extern C:\MCC18\src\traditional\math\castFP16.asm
                     jMax   0x001442    program     static C:\MCC18\src\traditional\math\castFP16.asm
                  jMaxPos   0x001446    program     static C:\MCC18\src\traditional\math\castFP16.asm
                  jMaxNeg   0x001450    program     static C:\MCC18\src\traditional\math\castFP16.asm
                    jZero   0x001458    program     static C:\MCC18\src\traditional\math\castFP16.asm
                  jNotInf   0x00145e    program     static C:\MCC18\src\traditional\math\castFP16.asm
                    jLoop   0x00146e    program     static C:\MCC18\src\traditional\math\castFP16.asm
                jLoopExit   0x00147e    program     static C:\MCC18\src\traditional\math\castFP16.asm
                    jExit   0x00148e    program     static C:\MCC18\src\traditional\math\castFP16.asm
                  TAGTB32   0x001490    program     extern C:\MCC18\src\traditional\math\gtFP.asm
                  TALTB32   0x0014a2    program     extern C:\MCC18\src\traditional\math\ltFP.asm
              __FpCompare   0x0014b4    program     extern C:\MCC18\src\traditional\math\compFP.asm
             jBothNotZero   0x0014d2    program     static C:\MCC18\src\traditional\math\compFP.asm
                 jSignsEQ   0x0014d6    program     static C:\MCC18\src\traditional\math\compFP.asm
                      jEQ   0x0014ee    program     static C:\MCC18\src\traditional\math\compFP.asm
                      jNE   0x0014f2    program     static C:\MCC18\src\traditional\math\compFP.asm
                    jExch   0x0014fa    program     static C:\MCC18\src\traditional\math\compFP.asm
                  jNoExch   0x00151a    program     static C:\MCC18\src\traditional\math\compFP.asm
                   jFinal   0x001524    program     static C:\MCC18\src\traditional\math\compFP.asm
                  jAisNeg   0x001530    program     static C:\MCC18\src\traditional\math\compFP.asm
                   jShift   0x001536    program     static C:\MCC18\src\traditional\math\compFP.asm
                   jExpEQ   0x001540    program     static C:\MCC18\src\traditional\math\compFP.asm
                  jRotate   0x00154c    program     static C:\MCC18\src\traditional\math\compFP.asm
            __FpReturnNaN   0x00155e    program     extern C:\MCC18\src\traditional\math\packFP.asm
                 __FpExit   0x00156a    program     extern C:\MCC18\src\traditional\math\packFP.asm
        __FpReturnSignInf   0x00156c    program     extern C:\MCC18\src\traditional\math\packFP.asm
         __FpReturnNegInf   0x001570    program     extern C:\MCC18\src\traditional\math\packFP.asm
         __FpReturnPosInf   0x001576    program     extern C:\MCC18\src\traditional\math\packFP.asm
           jReturnPosInf0   0x00157a    program     static C:\MCC18\src\traditional\math\packFP.asm
               jZero1and2   0x00157e    program     static C:\MCC18\src\traditional\math\packFP.asm
       __FpReturnSignZero   0x001584    program     extern C:\MCC18\src\traditional\math\packFP.asm
        __FpReturnNegZero   0x001588    program     extern C:\MCC18\src\traditional\math\packFP.asm
        __FpReturnPosZero   0x001590    program     extern C:\MCC18\src\traditional\math\packFP.asm
                 __FpPack   0x001596    program     extern C:\MCC18\src\traditional\math\packFP.asm
                  jPkLoop   0x0015a4    program     static C:\MCC18\src\traditional\math\packFP.asm
             jPkShiftDone   0x0015c0    program     static C:\MCC18\src\traditional\math\packFP.asm
               jPkRoundIt   0x0015d6    program     static C:\MCC18\src\traditional\math\packFP.asm
              __FpReturnW   0x0015ee    program     extern C:\MCC18\src\traditional\math\packFP.asm
             jPkRoundDone   0x0015ee    program     static C:\MCC18\src\traditional\math\packFP.asm
              __FpUnPackA   0x00160e    program     extern C:\MCC18\src\traditional\math\UnpackFP.asm
                  jUnpkA1   0x001618    program     static C:\MCC18\src\traditional\math\UnpackFP.asm
                 jUnpkANZ   0x001626    program     static C:\MCC18\src\traditional\math\UnpackFP.asm
                  jUnpkA2   0x001630    program     static C:\MCC18\src\traditional\math\UnpackFP.asm
                 jUnpkNaN   0x00163a    program     static C:\MCC18\src\traditional\math\UnpackFP.asm
              __FpUnPackB   0x00163e    program     extern C:\MCC18\src\traditional\math\UnpackFP.asm
                  jUnpkB1   0x001648    program     static C:\MCC18\src\traditional\math\UnpackFP.asm
                 jUnpkBNZ   0x001656    program     static C:\MCC18\src\traditional\math\UnpackFP.asm
                  jUnpkB2   0x001660    program     static C:\MCC18\src\traditional\math\UnpackFP.asm
         high_isr_handler   0x00166a    program     extern C:\MPLAB_Projects\Servo_Pulse\irq.c
          low_isr_handler   0x001762    program     extern C:\MPLAB_Projects\Servo_Pulse\irq.c
                _do_cinit   0x0019b0    program     extern C:\MCC18\src\traditional\startup\c018i.c
                     test   0x0019ca    program     static                          
                copy_loop   0x001a22    program     static                          
            copy_one_byte   0x001a28    program     static                          
             done_copying   0x001a36    program     static                          
                     done   0x001a4c    program     static                          
       ___return_lbl00002   0x001a4c    program     static                          
                 Delay_ms   0x001a4e    program     extern C:\MPLAB_Projects\Servo_Pulse\utils.c
                 PID_Wait   0x001a86    program     extern C:\MPLAB_Projects\Servo_Pulse\utils.c
                  OpenADC   0x001ab8    program     extern C:\MCC18\src\pmc_common\ADC\adcopen.c
                      ADC   0x001b20    program     extern C:\MPLAB_Projects\Servo_Pulse\adc.c
                  InitADC   0x001b54    program     extern C:\MPLAB_Projects\Servo_Pulse\adc.c
                 FXD3232U   0x001b6c    program     extern C:\MCC18\src\traditional\math\fxd3232u.c
                     loop   0x001b7a    program     static                          
                   _false   0x001bae    program     static                          
       ___return_lbl00000   0x001bb2    program     static                          
                 FXD1616U   0x001bb4    program     extern C:\MCC18\src\traditional\math\fxd1616u.c
                     loop   0x001bbe    program     static                          
                  endloop   0x001bda    program     static                          
       ___return_lbl00000   0x001bde    program     static                          
                 _startup   0x001be0    program     extern C:\MCC18\src\traditional\startup\c018i.c
                     loop   0x001bf0    program     static                          
       ___return_lbl00001   0x001bfa    program     static                          
                 FXD0808U   0x001bfc    program     extern C:\MCC18\src\traditional\math\fxd0808u.c
                     loop   0x001c04    program     static                          
                  endloop   0x001c12    program     static                          
       ___return_lbl00000   0x001c16    program     static                          
            __zero_memory   0x001c18    program     extern C:\MCC18\src\traditional\proc\p18F2520.asm
               clear_loop   0x001c1e    program     static C:\MCC18\src\traditional\proc\p18F2520.asm
               __config_0   0x300001    program     static C:\MPLAB_Projects\Servo_Pulse\main.c
               __config_1   0x300002    program     static C:\MPLAB_Projects\Servo_Pulse\main.c
               __config_2   0x300003    program     static C:\MPLAB_Projects\Servo_Pulse\main.c
               __config_3   0x300005    program     static C:\MPLAB_Projects\Servo_Pulse\main.c
               __config_4   0x300006    program     static C:\MPLAB_Projects\Servo_Pulse\main.c
               __config_5   0x30000b    program     static C:\MPLAB_Projects\Servo_Pulse\main.c
                     SIGN   0x000000       data     extern C:\MCC18\src\traditional\math\cmath18.asm
            __FPFLAGSbits   0x000001       data     extern C:\MCC18\src\traditional\math\cmath18.asm
                __FPFLAGS   0x000001       data     extern C:\MCC18\src\traditional\math\cmath18.asm
                  __REMB3   0x000002       data     extern C:\MCC18\src\traditional\math\aarg.asm
                 __AARGB7   0x000002       data     extern C:\MCC18\src\traditional\math\aarg.asm
                  __REMB2   0x000003       data     extern C:\MCC18\src\traditional\math\aarg.asm
                 __AARGB6   0x000003       data     extern C:\MCC18\src\traditional\math\aarg.asm
                  __REMB1   0x000004       data     extern C:\MCC18\src\traditional\math\aarg.asm
                 __AARGB5   0x000004       data     extern C:\MCC18\src\traditional\math\aarg.asm
                  __REMB0   0x000005       data     extern C:\MCC18\src\traditional\math\aarg.asm
                 __AARGB4   0x000005       data     extern C:\MCC18\src\traditional\math\aarg.asm
                 __AARGB3   0x000006       data     extern C:\MCC18\src\traditional\math\aarg.asm
                 __AARGB2   0x000007       data     extern C:\MCC18\src\traditional\math\aarg.asm
                 __AARGB1   0x000008       data     extern C:\MCC18\src\traditional\math\aarg.asm
                 __AARGB0   0x000009       data     extern C:\MCC18\src\traditional\math\aarg.asm
                   __AEXP   0x00000a       data     extern C:\MCC18\src\traditional\math\aarg.asm
                 __BARGB3   0x00000b       data     extern C:\MCC18\src\traditional\math\barg.asm
                 __BARGB2   0x00000c       data     extern C:\MCC18\src\traditional\math\barg.asm
                 __BARGB1   0x00000d       data     extern C:\MCC18\src\traditional\math\barg.asm
                 __BARGB0   0x00000e       data     extern C:\MCC18\src\traditional\math\barg.asm
                   __BEXP   0x00000f       data     extern C:\MCC18\src\traditional\math\barg.asm
                 __TEMPB3   0x000010       data     extern C:\MCC18\src\traditional\math\temparg.asm
                 __TEMPB2   0x000011       data     extern C:\MCC18\src\traditional\math\temparg.asm
                 __TEMPB1   0x000012       data     extern C:\MCC18\src\traditional\math\temparg.asm
                 __TEMPB0   0x000013       data     extern C:\MCC18\src\traditional\math\temparg.asm
                   __TEMP   0x000013       data     extern C:\MCC18\src\traditional\math\temparg.asm
                  __tmp_0   0x000014       data     static C:\MPLAB_Projects\Servo_Pulse\adc.c
                  __tmp_0   0x000014       data     static C:\MPLAB_Projects\Servo_Pulse\main.c
                  __tmp_0   0x000014       data     static C:\MPLAB_Projects\Servo_Pulse\utils.c
                  __tmp_0   0x000014       data     static C:\MPLAB_Projects\Servo_Pulse\serial.c
                  __tmp_2   0x000028       data     static C:\MPLAB_Projects\Servo_Pulse\irq.c
                  __tmp_1   0x000032       data     static C:\MPLAB_Projects\Servo_Pulse\irq.c
                        P   0x000080       data     extern C:\MPLAB_Projects\Servo_Pulse\main.c
                        I   0x000084       data     extern C:\MPLAB_Projects\Servo_Pulse\main.c
                        D   0x000088       data     extern C:\MPLAB_Projects\Servo_Pulse\main.c
                   p_last   0x00008c       data     extern C:\MPLAB_Projects\Servo_Pulse\main.c
                 SetPoint   0x000090       data     extern C:\MPLAB_Projects\Servo_Pulse\main.c
                  temp1cp   0x0000a3       data     extern C:\MPLAB_Projects\Servo_Pulse\main.c
                  temp2cp   0x0000b3       data     extern C:\MPLAB_Projects\Servo_Pulse\main.c
             temp_ADC_avg   0x000100       data     extern C:\MPLAB_Projects\Servo_Pulse\main.c
                    Ch_On   0x0001c8       data     static C:\MPLAB_Projects\Servo_Pulse\irq.c
                   Ch_Off   0x0001c9       data     static C:\MPLAB_Projects\Servo_Pulse\irq.c
                    Pause   0x0001ca       data     static C:\MPLAB_Projects\Servo_Pulse\irq.c
                   Ch_Ndx   0x0001cb       data     static C:\MPLAB_Projects\Servo_Pulse\irq.c
                 RXCh_Ndx   0x0001cc       data     static C:\MPLAB_Projects\Servo_Pulse\irq.c
              TimeTick1ms   0x0001cd       data     extern C:\MPLAB_Projects\Servo_Pulse\irq.c
                  PWM_Val   0x0001ce       data     extern C:\MPLAB_Projects\Servo_Pulse\irq.c
                 RXCh_Val   0x0001d8       data     extern C:\MPLAB_Projects\Servo_Pulse\irq.c
              tmpRXCh_Val   0x0001e1       data     static C:\MPLAB_Projects\Servo_Pulse\irq.c
          RX_Num_Channels   0x0001ea       data     extern C:\MPLAB_Projects\Servo_Pulse\irq.c
               RxFrameErr   0x0001eb       data     extern C:\MPLAB_Projects\Servo_Pulse\irq.c
                     prom   0x0001ec       data     static C:\MCC18\src\traditional\startup\c018i.c
                curr_byte   0x0001ef       data     static C:\MCC18\src\traditional\startup\c018i.c
               curr_entry   0x0001f1       data     static C:\MCC18\src\traditional\startup\c018i.c
                 data_ptr   0x0001f3       data     static C:\MCC18\src\traditional\startup\c018i.c
                _NoSignal   0x0001f6       data     extern C:\MPLAB_Projects\Servo_Pulse\irq.c
                PWM_Pause   0x0001f7       data     extern C:\MPLAB_Projects\Servo_Pulse\irq.c
                PID_Delay   0x0001f8       data     extern C:\MPLAB_Projects\Servo_Pulse\irq.c
                   _NegIn   0x0001fa       data     extern C:\MPLAB_Projects\Servo_Pulse\serial.c
                PORTAbits   0x000f80       data     extern C:\MCC18\src\traditional\proc\p18F2520.asm
                    PORTA   0x000f80       data     extern C:\MCC18\src\traditional\proc\p18F2520.asm
                    PORTB   0x000f81       data     extern C:\MCC18\src\traditional\proc\p18F2520.asm
                PORTBbits   0x000f81       data     extern C:\MCC18\src\traditional\proc\p18F2520.asm
                PORTCbits   0x000f82       data     extern C:\MCC18\src\traditional\proc\p18F2520.asm
                    PORTC   0x000f82       data     extern C:\MCC18\src\traditional\proc\p18F2520.asm
                PORTEbits   0x000f84       data     extern C:\MCC18\src\traditional\proc\p18F2520.asm
                    PORTE   0x000f84       data     extern C:\MCC18\src\traditional\proc\p18F2520.asm
                 LATAbits   0x000f89       data     extern C:\MCC18\src\traditional\proc\p18F2520.asm
                     LATA   0x000f89       data     extern C:\MCC18\src\traditional\proc\p18F2520.asm
                 LATBbits   0x000f8a       data     extern C:\MCC18\src\traditional\proc\p18F2520.asm
                     LATB   0x000f8a       data     extern C:\MCC18\src\traditional\proc\p18F2520.asm
                     LATC   0x000f8b       data     extern C:\MCC18\src\traditional\proc\p18F2520.asm
                 LATCbits   0x000f8b       data     extern C:\MCC18\src\traditional\proc\p18F2520.asm
                    TRISA   0x000f92       data     extern C:\MCC18\src\traditional\proc\p18F2520.asm
                TRISAbits   0x000f92       data     extern C:\MCC18\src\traditional\proc\p18F2520.asm
                     DDRA   0x000f92       data     extern C:\MCC18\src\traditional\proc\p18F2520.asm
                 DDRAbits   0x000f92       data     extern C:\MCC18\src\traditional\proc\p18F2520.asm
                 DDRBbits   0x000f93       data     extern C:\MCC18\src\traditional\proc\p18F2520.asm
                    TRISB   0x000f93       data     extern C:\MCC18\src\traditional\proc\p18F2520.asm
                TRISBbits   0x000f93       data     extern C:\MCC18\src\traditional\proc\p18F2520.asm
                     DDRB   0x000f93       data     extern C:\MCC18\src\traditional\proc\p18F2520.asm
                    TRISC   0x000f94       data     extern C:\MCC18\src\traditional\proc\p18F2520.asm
                TRISCbits   0x000f94       data     extern C:\MCC18\src\traditional\proc\p18F2520.asm
                     DDRC   0x000f94       data     extern C:\MCC18\src\traditional\proc\p18F2520.asm
                 DDRCbits   0x000f94       data     extern C:\MCC18\src\traditional\proc\p18F2520.asm
              OSCTUNEbits   0x000f9b       data     extern C:\MCC18\src\traditional\proc\p18F2520.asm
                  OSCTUNE   0x000f9b       data     extern C:\MCC18\src\traditional\proc\p18F2520.asm
                     PIE1   0x000f9d       data     extern C:\MCC18\src\traditional\proc\p18F2520.asm
                 PIE1bits   0x000f9d       data     extern C:\MCC18\src\traditional\proc\p18F2520.asm
                     PIR1   0x000f9e       data     extern C:\MCC18\src\traditional\proc\p18F2520.asm
                 PIR1bits   0x000f9e       data     extern C:\MCC18\src\traditional\proc\p18F2520.asm
                 IPR1bits   0x000f9f       data     extern C:\MCC18\src\traditional\proc\p18F2520.asm
                     IPR1   0x000f9f       data     extern C:\MCC18\src\traditional\proc\p18F2520.asm
                     PIE2   0x000fa0       data     extern C:\MCC18\src\traditional\proc\p18F2520.asm
                 PIE2bits   0x000fa0       data     extern C:\MCC18\src\traditional\proc\p18F2520.asm
                     PIR2   0x000fa1       data     extern C:\MCC18\src\traditional\proc\p18F2520.asm
                 PIR2bits   0x000fa1       data     extern C:\MCC18\src\traditional\proc\p18F2520.asm
                 IPR2bits   0x000fa2       data     extern C:\MCC18\src\traditional\proc\p18F2520.asm
                     IPR2   0x000fa2       data     extern C:\MCC18\src\traditional\proc\p18F2520.asm
                   EECON1   0x000fa6       data     extern C:\MCC18\src\traditional\proc\p18F2520.asm
               EECON1bits   0x000fa6       data     extern C:\MCC18\src\traditional\proc\p18F2520.asm
                   EECON2   0x000fa7       data     extern C:\MCC18\src\traditional\proc\p18F2520.asm
                   EEDATA   0x000fa8       data     extern C:\MCC18\src\traditional\proc\p18F2520.asm
                    EEADR   0x000fa9       data     extern C:\MCC18\src\traditional\proc\p18F2520.asm
                    RCSTA   0x000fab       data     extern C:\MCC18\src\traditional\proc\p18F2520.asm
                RCSTAbits   0x000fab       data     extern C:\MCC18\src\traditional\proc\p18F2520.asm
                TXSTAbits   0x000fac       data     extern C:\MCC18\src\traditional\proc\p18F2520.asm
                    TXSTA   0x000fac       data     extern C:\MCC18\src\traditional\proc\p18F2520.asm
                    TXREG   0x000fad       data     extern C:\MCC18\src\traditional\proc\p18F2520.asm
                    RCREG   0x000fae       data     extern C:\MCC18\src\traditional\proc\p18F2520.asm
                    SPBRG   0x000faf       data     extern C:\MCC18\src\traditional\proc\p18F2520.asm
                   SPBRGH   0x000fb0       data     extern C:\MCC18\src\traditional\proc\p18F2520.asm
                T3CONbits   0x000fb1       data     extern C:\MCC18\src\traditional\proc\p18F2520.asm
                    T3CON   0x000fb1       data     extern C:\MCC18\src\traditional\proc\p18F2520.asm
                    TMR3L   0x000fb2       data     extern C:\MCC18\src\traditional\proc\p18F2520.asm
                    TMR3H   0x000fb3       data     extern C:\MCC18\src\traditional\proc\p18F2520.asm
                    CMCON   0x000fb4       data     extern C:\MCC18\src\traditional\proc\p18F2520.asm
                CMCONbits   0x000fb4       data     extern C:\MCC18\src\traditional\proc\p18F2520.asm
               CVRCONbits   0x000fb5       data     extern C:\MCC18\src\traditional\proc\p18F2520.asm
                   CVRCON   0x000fb5       data     extern C:\MCC18\src\traditional\proc\p18F2520.asm
              ECCP1ASbits   0x000fb6       data     extern C:\MCC18\src\traditional\proc\p18F2520.asm
                  ECCP1AS   0x000fb6       data     extern C:\MCC18\src\traditional\proc\p18F2520.asm
              PWM1CONbits   0x000fb7       data     extern C:\MCC18\src\traditional\proc\p18F2520.asm
                  PWM1CON   0x000fb7       data     extern C:\MCC18\src\traditional\proc\p18F2520.asm
              BAUDCTLbits   0x000fb8       data     extern C:\MCC18\src\traditional\proc\p18F2520.asm
                  BAUDCTL   0x000fb8       data     extern C:\MCC18\src\traditional\proc\p18F2520.asm
              BAUDCONbits   0x000fb8       data     extern C:\MCC18\src\traditional\proc\p18F2520.asm
                  BAUDCON   0x000fb8       data     extern C:\MCC18\src\traditional\proc\p18F2520.asm
              CCP2CONbits   0x000fba       data     extern C:\MCC18\src\traditional\proc\p18F2520.asm
                  CCP2CON   0x000fba       data     extern C:\MCC18\src\traditional\proc\p18F2520.asm
                    CCPR2   0x000fbb       data     extern C:\MCC18\src\traditional\proc\p18F2520.asm
                   CCPR2L   0x000fbb       data     extern C:\MCC18\src\traditional\proc\p18F2520.asm
                   CCPR2H   0x000fbc       data     extern C:\MCC18\src\traditional\proc\p18F2520.asm
              CCP1CONbits   0x000fbd       data     extern C:\MCC18\src\traditional\proc\p18F2520.asm
                  CCP1CON   0x000fbd       data     extern C:\MCC18\src\traditional\proc\p18F2520.asm
                   CCPR1L   0x000fbe       data     extern C:\MCC18\src\traditional\proc\p18F2520.asm
                    CCPR1   0x000fbe       data     extern C:\MCC18\src\traditional\proc\p18F2520.asm
                   CCPR1H   0x000fbf       data     extern C:\MCC18\src\traditional\proc\p18F2520.asm
                   ADCON2   0x000fc0       data     extern C:\MCC18\src\traditional\proc\p18F2520.asm
               ADCON2bits   0x000fc0       data     extern C:\MCC18\src\traditional\proc\p18F2520.asm
               ADCON1bits   0x000fc1       data     extern C:\MCC18\src\traditional\proc\p18F2520.asm
                   ADCON1   0x000fc1       data     extern C:\MCC18\src\traditional\proc\p18F2520.asm
                   ADCON0   0x000fc2       data     extern C:\MCC18\src\traditional\proc\p18F2520.asm
               ADCON0bits   0x000fc2       data     extern C:\MCC18\src\traditional\proc\p18F2520.asm
                    ADRES   0x000fc3       data     extern C:\MCC18\src\traditional\proc\p18F2520.asm
                   ADRESL   0x000fc3       data     extern C:\MCC18\src\traditional\proc\p18F2520.asm
                   ADRESH   0x000fc4       data     extern C:\MCC18\src\traditional\proc\p18F2520.asm
                  SSPCON2   0x000fc5       data     extern C:\MCC18\src\traditional\proc\p18F2520.asm
              SSPCON2bits   0x000fc5       data     extern C:\MCC18\src\traditional\proc\p18F2520.asm
              SSPCON1bits   0x000fc6       data     extern C:\MCC18\src\traditional\proc\p18F2520.asm
                  SSPCON1   0x000fc6       data     extern C:\MCC18\src\traditional\proc\p18F2520.asm
                  SSPSTAT   0x000fc7       data     extern C:\MCC18\src\traditional\proc\p18F2520.asm
              SSPSTATbits   0x000fc7       data     extern C:\MCC18\src\traditional\proc\p18F2520.asm
                   SSPADD   0x000fc8       data     extern C:\MCC18\src\traditional\proc\p18F2520.asm
                   SSPBUF   0x000fc9       data     extern C:\MCC18\src\traditional\proc\p18F2520.asm
                    T2CON   0x000fca       data     extern C:\MCC18\src\traditional\proc\p18F2520.asm
                T2CONbits   0x000fca       data     extern C:\MCC18\src\traditional\proc\p18F2520.asm
                      PR2   0x000fcb       data     extern C:\MCC18\src\traditional\proc\p18F2520.asm
                     TMR2   0x000fcc       data     extern C:\MCC18\src\traditional\proc\p18F2520.asm
                    T1CON   0x000fcd       data     extern C:\MCC18\src\traditional\proc\p18F2520.asm
                T1CONbits   0x000fcd       data     extern C:\MCC18\src\traditional\proc\p18F2520.asm
                    TMR1L   0x000fce       data     extern C:\MCC18\src\traditional\proc\p18F2520.asm
                    TMR1H   0x000fcf       data     extern C:\MCC18\src\traditional\proc\p18F2520.asm
                 RCONbits   0x000fd0       data     extern C:\MCC18\src\traditional\proc\p18F2520.asm
                     RCON   0x000fd0       data     extern C:\MCC18\src\traditional\proc\p18F2520.asm
                   WDTCON   0x000fd1       data     extern C:\MCC18\src\traditional\proc\p18F2520.asm
               WDTCONbits   0x000fd1       data     extern C:\MCC18\src\traditional\proc\p18F2520.asm
                  HLVDCON   0x000fd2       data     extern C:\MCC18\src\traditional\proc\p18F2520.asm
              HLVDCONbits   0x000fd2       data     extern C:\MCC18\src\traditional\proc\p18F2520.asm
               LVDCONbits   0x000fd2       data     extern C:\MCC18\src\traditional\proc\p18F2520.asm
                   LVDCON   0x000fd2       data     extern C:\MCC18\src\traditional\proc\p18F2520.asm
               OSCCONbits   0x000fd3       data     extern C:\MCC18\src\traditional\proc\p18F2520.asm
                   OSCCON   0x000fd3       data     extern C:\MCC18\src\traditional\proc\p18F2520.asm
                    T0CON   0x000fd5       data     extern C:\MCC18\src\traditional\proc\p18F2520.asm
                T0CONbits   0x000fd5       data     extern C:\MCC18\src\traditional\proc\p18F2520.asm
                    TMR0L   0x000fd6       data     extern C:\MCC18\src\traditional\proc\p18F2520.asm
                    TMR0H   0x000fd7       data     extern C:\MCC18\src\traditional\proc\p18F2520.asm
               STATUSbits   0x000fd8       data     extern C:\MCC18\src\traditional\proc\p18F2520.asm
                   STATUS   0x000fd8       data     extern C:\MCC18\src\traditional\proc\p18F2520.asm
                     FSR2   0x000fd9       data     extern C:\MCC18\src\traditional\proc\p18F2520.asm
                    FSR2L   0x000fd9       data     extern C:\MCC18\src\traditional\proc\p18F2520.asm
                    FSR2H   0x000fda       data     extern C:\MCC18\src\traditional\proc\p18F2520.asm
                   PLUSW2   0x000fdb       data     extern C:\MCC18\src\traditional\proc\p18F2520.asm
                  PREINC2   0x000fdc       data     extern C:\MCC18\src\traditional\proc\p18F2520.asm
                 POSTDEC2   0x000fdd       data     extern C:\MCC18\src\traditional\proc\p18F2520.asm
                 POSTINC2   0x000fde       data     extern C:\MCC18\src\traditional\proc\p18F2520.asm
                    INDF2   0x000fdf       data     extern C:\MCC18\src\traditional\proc\p18F2520.asm
                      BSR   0x000fe0       data     extern C:\MCC18\src\traditional\proc\p18F2520.asm
                     FSR1   0x000fe1       data     extern C:\MCC18\src\traditional\proc\p18F2520.asm
                    FSR1L   0x000fe1       data     extern C:\MCC18\src\traditional\proc\p18F2520.asm
                    FSR1H   0x000fe2       data     extern C:\MCC18\src\traditional\proc\p18F2520.asm
                   PLUSW1   0x000fe3       data     extern C:\MCC18\src\traditional\proc\p18F2520.asm
                  PREINC1   0x000fe4       data     extern C:\MCC18\src\traditional\proc\p18F2520.asm
                 POSTDEC1   0x000fe5       data     extern C:\MCC18\src\traditional\proc\p18F2520.asm
                 POSTINC1   0x000fe6       data     extern C:\MCC18\src\traditional\proc\p18F2520.asm
                    INDF1   0x000fe7       data     extern C:\MCC18\src\traditional\proc\p18F2520.asm
                     WREG   0x000fe8       data     extern C:\MCC18\src\traditional\proc\p18F2520.asm
                        W   0x000fe8       data     extern C:\MCC18\src\traditional\proc\p18F2520.asm
                     FSR0   0x000fe9       data     extern C:\MCC18\src\traditional\proc\p18F2520.asm
                    FSR0L   0x000fe9       data     extern C:\MCC18\src\traditional\proc\p18F2520.asm
                    FSR0H   0x000fea       data     extern C:\MCC18\src\traditional\proc\p18F2520.asm
                   PLUSW0   0x000feb       data     extern C:\MCC18\src\traditional\proc\p18F2520.asm
                  PREINC0   0x000fec       data     extern C:\MCC18\src\traditional\proc\p18F2520.asm
                 POSTDEC0   0x000fed       data     extern C:\MCC18\src\traditional\proc\p18F2520.asm
                 POSTINC0   0x000fee       data     extern C:\MCC18\src\traditional\proc\p18F2520.asm
                    INDF0   0x000fef       data     extern C:\MCC18\src\traditional\proc\p18F2520.asm
              INTCON3bits   0x000ff0       data     extern C:\MCC18\src\traditional\proc\p18F2520.asm
                  INTCON3   0x000ff0       data     extern C:\MCC18\src\traditional\proc\p18F2520.asm
              INTCON2bits   0x000ff1       data     extern C:\MCC18\src\traditional\proc\p18F2520.asm
                  INTCON2   0x000ff1       data     extern C:\MCC18\src\traditional\proc\p18F2520.asm
               INTCONbits   0x000ff2       data     extern C:\MCC18\src\traditional\proc\p18F2520.asm
                   INTCON   0x000ff2       data     extern C:\MCC18\src\traditional\proc\p18F2520.asm
                    PRODL   0x000ff3       data     extern C:\MCC18\src\traditional\proc\p18F2520.asm
                     PROD   0x000ff3       data     extern C:\MCC18\src\traditional\proc\p18F2520.asm
                    PRODH   0x000ff4       data     extern C:\MCC18\src\traditional\proc\p18F2520.asm
                   TABLAT   0x000ff5       data     extern C:\MCC18\src\traditional\proc\p18F2520.asm
                  TBLPTRL   0x000ff6       data     extern C:\MCC18\src\traditional\proc\p18F2520.asm
                   TBLPTR   0x000ff6       data     extern C:\MCC18\src\traditional\proc\p18F2520.asm
                  TBLPTRH   0x000ff7       data     extern C:\MCC18\src\traditional\proc\p18F2520.asm
                  TBLPTRU   0x000ff8       data     extern C:\MCC18\src\traditional\proc\p18F2520.asm
                      PCL   0x000ff9       data     extern C:\MCC18\src\traditional\proc\p18F2520.asm
                       PC   0x000ff9       data     extern C:\MCC18\src\traditional\proc\p18F2520.asm
                   PCLATH   0x000ffa       data     extern C:\MCC18\src\traditional\proc\p18F2520.asm
                   PCLATU   0x000ffb       data     extern C:\MCC18\src\traditional\proc\p18F2520.asm
                   STKPTR   0x000ffc       data     extern C:\MCC18\src\traditional\proc\p18F2520.asm
               STKPTRbits   0x000ffc       data     extern C:\MCC18\src\traditional\proc\p18F2520.asm
                     TOSL   0x000ffd       data     extern C:\MCC18\src\traditional\proc\p18F2520.asm
                      TOS   0x000ffd       data     extern C:\MCC18\src\traditional\proc\p18F2520.asm
                     TOSH   0x000ffe       data     extern C:\MCC18\src\traditional\proc\p18F2520.asm
                     TOSU   0x000fff       data     extern C:\MCC18\src\traditional\proc\p18F2520.asm


